src/pages/Orientation.tsx(3,29): error TS2792: Cannot find module 'react-router-dom'. Did you mean to set the 'moduleResolution' option to 'nodenext', or to add aliases to the 'paths' option?
src/pages/Orientation.tsx(4,41): error TS2792: Cannot find module 'framer-motion'. Did you mean to set the 'moduleResolution' option to 'nodenext', or to add aliases to the 'paths' option?
src/pages/Orientation.tsx(5,128): error TS2792: Cannot find module 'lucide-react'. Did you mean to set the 'moduleResolution' option to 'nodenext', or to add aliases to the 'paths' option?
src/pages/Orientation.tsx(6,24): error TS2792: Cannot find module '@/components/ui/button'. Did you mean to set the 'moduleResolution' option to 'nodenext', or to add aliases to the 'paths' option?
src/pages/Orientation.tsx(7,23): error TS2792: Cannot find module '@/components/ui/input'. Did you mean to set the 'moduleResolution' option to 'nodenext', or to add aliases to the 'paths' option?
src/pages/Orientation.tsx(8,20): error TS2792: Cannot find module '@/lib/utils'. Did you mean to set the 'moduleResolution' option to 'nodenext', or to add aliases to the 'paths' option?
src/pages/Orientation.tsx(9,42): error TS2792: Cannot find module '@/lib/calendar-generator'. Did you mean to set the 'moduleResolution' option to 'nodenext', or to add aliases to the 'paths' option?
src/pages/Orientation.tsx(10,38): error TS2792: Cannot find module '@/components/DormResetCertificate'. Did you mean to set the 'moduleResolution' option to 'nodenext', or to add aliases to the 'paths' option?
src/pages/Orientation.tsx(11,29): error TS2792: Cannot find module '@/components/common/CreditULogo'. Did you mean to set the 'moduleResolution' option to 'nodenext', or to add aliases to the 'paths' option?
src/pages/Orientation.tsx(12,31): error TS2792: Cannot find module '@/components/DailyReferral'. Did you mean to set the 'moduleResolution' option to 'nodenext', or to add aliases to the 'paths' option?
src/pages/Orientation.tsx(13,28): error TS2792: Cannot find module '@/hooks/useProfile'. Did you mean to set the 'moduleResolution' option to 'nodenext', or to add aliases to the 'paths' option?
src/pages/Orientation.tsx(14,26): error TS2792: Cannot find module '@/lib/supabase'. Did you mean to set the 'moduleResolution' option to 'nodenext', or to add aliases to the 'paths' option?
src/pages/Orientation.tsx(15,36): error TS2792: Cannot find module '@/components/referral/ReferralThanksForm'. Did you mean to set the 'moduleResolution' option to 'nodenext', or to add aliases to the 'paths' option?
src/pages/Orientation.tsx(16,31): error TS2792: Cannot find module '@/components/referral/DigitalIDCard'. Did you mean to set the 'moduleResolution' option to 'nodenext', or to add aliases to the 'paths' option?
src/pages/Orientation.tsx(83,9): error TS2339: Property 'div' does not exist on type 'JSX.IntrinsicElements'.
src/pages/Orientation.tsx(84,13): error TS2339: Property 'div' does not exist on type 'JSX.IntrinsicElements'.
src/pages/Orientation.tsx(86,17): error TS2339: Property 'div' does not exist on type 'JSX.IntrinsicElements'.
src/pages/Orientation.tsx(87,21): error TS2339: Property 'span' does not exist on type 'JSX.IntrinsicElements'.
src/pages/Orientation.tsx(87,127): error TS2339: Property 'span' does not exist on type 'JSX.IntrinsicElements'.
src/pages/Orientation.tsx(88,17): error TS2339: Property 'div' does not exist on type 'JSX.IntrinsicElements'.
src/pages/Orientation.tsx(89,13): error TS2339: Property 'div' does not exist on type 'JSX.IntrinsicElements'.
src/pages/Orientation.tsx(90,9): error TS2339: Property 'div' does not exist on type 'JSX.IntrinsicElements'.
src/pages/Orientation.tsx(109,9): error TS2339: Property 'div' does not exist on type 'JSX.IntrinsicElements'.
src/pages/Orientation.tsx(110,13): error TS2339: Property 'div' does not exist on type 'JSX.IntrinsicElements'.
src/pages/Orientation.tsx(111,13): error TS2339: Property 'div' does not exist on type 'JSX.IntrinsicElements'.
src/pages/Orientation.tsx(112,17): error TS2339: Property 'div' does not exist on type 'JSX.IntrinsicElements'.
src/pages/Orientation.tsx(113,13): error TS2339: Property 'div' does not exist on type 'JSX.IntrinsicElements'.
src/pages/Orientation.tsx(115,17): error TS2339: Property 'div' does not exist on type 'JSX.IntrinsicElements'.
src/pages/Orientation.tsx(116,21): error TS2339: Property 'div' does not exist on type 'JSX.IntrinsicElements'.
src/pages/Orientation.tsx(116,196): error TS2339: Property 'div' does not exist on type 'JSX.IntrinsicElements'.
src/pages/Orientation.tsx(117,21): error TS2339: Property 'div' does not exist on type 'JSX.IntrinsicElements'.
src/pages/Orientation.tsx(119,21): error TS2339: Property 'div' does not exist on type 'JSX.IntrinsicElements'.
src/pages/Orientation.tsx(120,17): error TS2339: Property 'div' does not exist on type 'JSX.IntrinsicElements'.
src/pages/Orientation.tsx(123,17): error TS2339: Property 'h1' does not exist on type 'JSX.IntrinsicElements'.
src/pages/Orientation.tsx(124,29): error TS2339: Property 'br' does not exist on type 'JSX.IntrinsicElements'.
src/pages/Orientation.tsx(125,21): error TS2339: Property 'span' does not exist on type 'JSX.IntrinsicElements'.
src/pages/Orientation.tsx(125,132): error TS2339: Property 'span' does not exist on type 'JSX.IntrinsicElements'.
src/pages/Orientation.tsx(126,17): error TS2339: Property 'h1' does not exist on type 'JSX.IntrinsicElements'.
src/pages/Orientation.tsx(127,17): error TS2339: Property 'div' does not exist on type 'JSX.IntrinsicElements'.
src/pages/Orientation.tsx(134,17): error TS2339: Property 'div' does not exist on type 'JSX.IntrinsicElements'.
src/pages/Orientation.tsx(136,9): error TS2339: Property 'div' does not exist on type 'JSX.IntrinsicElements'.
src/pages/Orientation.tsx(141,5): error TS2339: Property 'div' does not exist on type 'JSX.IntrinsicElements'.
src/pages/Orientation.tsx(143,13): error TS2339: Property 'h1' does not exist on type 'JSX.IntrinsicElements'.
src/pages/Orientation.tsx(143,112): error TS2339: Property 'span' does not exist on type 'JSX.IntrinsicElements'.
src/pages/Orientation.tsx(143,150): error TS2339: Property 'span' does not exist on type 'JSX.IntrinsicElements'.
src/pages/Orientation.tsx(143,157): error TS2339: Property 'h1' does not exist on type 'JSX.IntrinsicElements'.
src/pages/Orientation.tsx(144,13): error TS2339: Property 'p' does not exist on type 'JSX.IntrinsicElements'.
src/pages/Orientation.tsx(144,125): error TS2339: Property 'p' does not exist on type 'JSX.IntrinsicElements'.
src/pages/Orientation.tsx(146,9): error TS2339: Property 'div' does not exist on type 'JSX.IntrinsicElements'.
src/pages/Orientation.tsx(147,13): error TS2339: Property 'div' does not exist on type 'JSX.IntrinsicElements'.
src/pages/Orientation.tsx(148,17): error TS2339: Property 'h3' does not exist on type 'JSX.IntrinsicElements'.
src/pages/Orientation.tsx(148,99): error TS2339: Property 'h3' does not exist on type 'JSX.IntrinsicElements'.
src/pages/Orientation.tsx(149,17): error TS2339: Property 'p' does not exist on type 'JSX.IntrinsicElements'.
src/pages/Orientation.tsx(149,124): error TS2339: Property 'p' does not exist on type 'JSX.IntrinsicElements'.
src/pages/Orientation.tsx(150,13): error TS2339: Property 'div' does not exist on type 'JSX.IntrinsicElements'.
src/pages/Orientation.tsx(151,13): error TS2339: Property 'div' does not exist on type 'JSX.IntrinsicElements'.
src/pages/Orientation.tsx(152,17): error TS2339: Property 'h3' does not exist on type 'JSX.IntrinsicElements'.
src/pages/Orientation.tsx(152,100): error TS2339: Property 'h3' does not exist on type 'JSX.IntrinsicElements'.
src/pages/Orientation.tsx(153,17): error TS2339: Property 'ul' does not exist on type 'JSX.IntrinsicElements'.
src/pages/Orientation.tsx(154,21): error TS2339: Property 'li' does not exist on type 'JSX.IntrinsicElements'.
src/pages/Orientation.tsx(154,44): error TS2339: Property 'li' does not exist on type 'JSX.IntrinsicElements'.
src/pages/Orientation.tsx(155,21): error TS2339: Property 'li' does not exist on type 'JSX.IntrinsicElements'.
src/pages/Orientation.tsx(155,44): error TS2339: Property 'li' does not exist on type 'JSX.IntrinsicElements'.
src/pages/Orientation.tsx(156,21): error TS2339: Property 'li' does not exist on type 'JSX.IntrinsicElements'.
src/pages/Orientation.tsx(156,43): error TS2339: Property 'li' does not exist on type 'JSX.IntrinsicElements'.
src/pages/Orientation.tsx(157,21): error TS2339: Property 'li' does not exist on type 'JSX.IntrinsicElements'.
src/pages/Orientation.tsx(157,42): error TS2339: Property 'li' does not exist on type 'JSX.IntrinsicElements'.
src/pages/Orientation.tsx(158,21): error TS2339: Property 'li' does not exist on type 'JSX.IntrinsicElements'.
src/pages/Orientation.tsx(158,42): error TS2339: Property 'li' does not exist on type 'JSX.IntrinsicElements'.
src/pages/Orientation.tsx(159,17): error TS2339: Property 'ul' does not exist on type 'JSX.IntrinsicElements'.
src/pages/Orientation.tsx(160,13): error TS2339: Property 'div' does not exist on type 'JSX.IntrinsicElements'.
src/pages/Orientation.tsx(161,9): error TS2339: Property 'div' does not exist on type 'JSX.IntrinsicElements'.
src/pages/Orientation.tsx(163,5): error TS2339: Property 'div' does not exist on type 'JSX.IntrinsicElements'.
src/pages/Orientation.tsx(167,5): error TS2339: Property 'div' does not exist on type 'JSX.IntrinsicElements'.
src/pages/Orientation.tsx(169,13): error TS2339: Property 'div' does not exist on type 'JSX.IntrinsicElements'.
src/pages/Orientation.tsx(169,154): error TS2339: Property 'div' does not exist on type 'JSX.IntrinsicElements'.
src/pages/Orientation.tsx(170,13): error TS2339: Property 'h1' does not exist on type 'JSX.IntrinsicElements'.
src/pages/Orientation.tsx(170,107): error TS2339: Property 'br' does not exist on type 'JSX.IntrinsicElements'.
src/pages/Orientation.tsx(170,113): error TS2339: Property 'span' does not exist on type 'JSX.IntrinsicElements'.
src/pages/Orientation.tsx(170,154): error TS2339: Property 'span' does not exist on type 'JSX.IntrinsicElements'.
src/pages/Orientation.tsx(170,161): error TS2339: Property 'h1' does not exist on type 'JSX.IntrinsicElements'.
src/pages/Orientation.tsx(175,5): error TS2339: Property 'div' does not exist on type 'JSX.IntrinsicElements'.
src/pages/Orientation.tsx(183,9): error TS2339: Property 'div' does not exist on type 'JSX.IntrinsicElements'.
src/pages/Orientation.tsx(185,17): error TS2339: Property 'h1' does not exist on type 'JSX.IntrinsicElements'.
src/pages/Orientation.tsx(185,109): error TS2339: Property 'h1' does not exist on type 'JSX.IntrinsicElements'.
src/pages/Orientation.tsx(186,17): error TS2339: Property 'div' does not exist on type 'JSX.IntrinsicElements'.
src/pages/Orientation.tsx(187,21): error TS2339: Property 'p' does not exist on type 'JSX.IntrinsicElements'.
src/pages/Orientation.tsx(187,130): error TS2339: Property 'p' does not exist on type 'JSX.IntrinsicElements'.
src/pages/Orientation.tsx(188,17): error TS2339: Property 'div' does not exist on type 'JSX.IntrinsicElements'.
src/pages/Orientation.tsx(211,9): error TS2339: Property 'div' does not exist on type 'JSX.IntrinsicElements'.
src/pages/Orientation.tsx(227,9): error TS2339: Property 'div' does not exist on type 'JSX.IntrinsicElements'.
src/pages/Orientation.tsx(229,17): error TS2339: Property 'h1' does not exist on type 'JSX.IntrinsicElements'.
src/pages/Orientation.tsx(229,109): error TS2339: Property 'h1' does not exist on type 'JSX.IntrinsicElements'.
src/pages/Orientation.tsx(231,13): error TS2339: Property 'div' does not exist on type 'JSX.IntrinsicElements'.
src/pages/Orientation.tsx(232,17): error TS2339: Property 'div' does not exist on type 'JSX.IntrinsicElements'.
src/pages/Orientation.tsx(233,21): error TS2339: Property 'div' does not exist on type 'JSX.IntrinsicElements'.
src/pages/Orientation.tsx(236,21): error TS2339: Property 'div' does not exist on type 'JSX.IntrinsicElements'.
src/pages/Orientation.tsx(238,17): error TS2339: Property 'div' does not exist on type 'JSX.IntrinsicElements'.
src/pages/Orientation.tsx(239,17): error TS2339: Property 'div' does not exist on type 'JSX.IntrinsicElements'.
src/pages/Orientation.tsx(240,21): error TS2339: Property 'div' does not exist on type 'JSX.IntrinsicElements'.
src/pages/Orientation.tsx(240,108): error TS2339: Property 'div' does not exist on type 'JSX.IntrinsicElements'.
src/pages/Orientation.tsx(241,21): error TS2339: Property 'div' does not exist on type 'JSX.IntrinsicElements'.
src/pages/Orientation.tsx(241,123): error TS2339: Property 'div' does not exist on type 'JSX.IntrinsicElements'.
src/pages/Orientation.tsx(242,17): error TS2339: Property 'div' does not exist on type 'JSX.IntrinsicElements'.
src/pages/Orientation.tsx(243,13): error TS2339: Property 'div' does not exist on type 'JSX.IntrinsicElements'.
src/pages/Orientation.tsx(254,9): error TS2339: Property 'div' does not exist on type 'JSX.IntrinsicElements'.
src/pages/Orientation.tsx(259,5): error TS2339: Property 'div' does not exist on type 'JSX.IntrinsicElements'.
src/pages/Orientation.tsx(261,13): error TS2339: Property 'div' does not exist on type 'JSX.IntrinsicElements'.
src/pages/Orientation.tsx(261,47): error TS2339: Property 'div' does not exist on type 'JSX.IntrinsicElements'.
src/pages/Orientation.tsx(262,13): error TS2339: Property 'h1' does not exist on type 'JSX.IntrinsicElements'.
src/pages/Orientation.tsx(262,93): error TS2339: Property 'h1' does not exist on type 'JSX.IntrinsicElements'.
src/pages/Orientation.tsx(263,13): error TS2339: Property 'p' does not exist on type 'JSX.IntrinsicElements'.
src/pages/Orientation.tsx(263,101): error TS2339: Property 'p' does not exist on type 'JSX.IntrinsicElements'.
src/pages/Orientation.tsx(266,5): error TS2339: Property 'div' does not exist on type 'JSX.IntrinsicElements'.
src/pages/Orientation.tsx(273,9): error TS2339: Property 'div' does not exist on type 'JSX.IntrinsicElements'.
src/pages/Orientation.tsx(274,13): error TS2339: Property 'h4' does not exist on type 'JSX.IntrinsicElements'.
src/pages/Orientation.tsx(274,90): error TS2339: Property 'h4' does not exist on type 'JSX.IntrinsicElements'.
src/pages/Orientation.tsx(275,13): error TS2339: Property 'div' does not exist on type 'JSX.IntrinsicElements'.
src/pages/Orientation.tsx(275,92): error TS2339: Property 'div' does not exist on type 'JSX.IntrinsicElements'.
src/pages/Orientation.tsx(276,13): error TS2339: Property 'input' does not exist on type 'JSX.IntrinsicElements'.
src/pages/Orientation.tsx(277,13): error TS2339: Property 'div' does not exist on type 'JSX.IntrinsicElements'.
src/pages/Orientation.tsx(277,89): error TS2339: Property 'div' does not exist on type 'JSX.IntrinsicElements'.
src/pages/Orientation.tsx(278,9): error TS2339: Property 'div' does not exist on type 'JSX.IntrinsicElements'.
src/pages/Orientation.tsx(290,9): error TS2339: Property 'div' does not exist on type 'JSX.IntrinsicElements'.
src/pages/Orientation.tsx(291,13): error TS2339: Property 'div' does not exist on type 'JSX.IntrinsicElements'.
src/pages/Orientation.tsx(291,102): error TS2339: Property 'div' does not exist on type 'JSX.IntrinsicElements'.
src/pages/Orientation.tsx(292,13): error TS2339: Property 'div' does not exist on type 'JSX.IntrinsicElements'.
src/pages/Orientation.tsx(293,68): error TS2339: Property 'p' does not exist on type 'JSX.IntrinsicElements'.
src/pages/Orientation.tsx(293,85): error TS2339: Property 'p' does not exist on type 'JSX.IntrinsicElements'.
src/pages/Orientation.tsx(294,13): error TS2339: Property 'div' does not exist on type 'JSX.IntrinsicElements'.
src/pages/Orientation.tsx(296,13): error TS2339: Property 'div' does not exist on type 'JSX.IntrinsicElements'.
src/pages/Orientation.tsx(297,17): error TS2339: Property 'h3' does not exist on type 'JSX.IntrinsicElements'.
src/pages/Orientation.tsx(297,80): error TS2339: Property 'h3' does not exist on type 'JSX.IntrinsicElements'.
src/pages/Orientation.tsx(298,17): error TS2339: Property 'div' does not exist on type 'JSX.IntrinsicElements'.
src/pages/Orientation.tsx(300,25): error TS2339: Property 'div' does not exist on type 'JSX.IntrinsicElements'.
src/pages/Orientation.tsx(301,29): error TS2339: Property 'div' does not exist on type 'JSX.IntrinsicElements'.
src/pages/Orientation.tsx(303,29): error TS2339: Property 'div' does not exist on type 'JSX.IntrinsicElements'.
src/pages/Orientation.tsx(304,29): error TS2339: Property 'span' does not exist on type 'JSX.IntrinsicElements'.
src/pages/Orientation.tsx(304,123): error TS2339: Property 'span' does not exist on type 'JSX.IntrinsicElements'.
src/pages/Orientation.tsx(305,25): error TS2339: Property 'div' does not exist on type 'JSX.IntrinsicElements'.
src/pages/Orientation.tsx(307,17): error TS2339: Property 'div' does not exist on type 'JSX.IntrinsicElements'.
src/pages/Orientation.tsx(308,13): error TS2339: Property 'div' does not exist on type 'JSX.IntrinsicElements'.
src/pages/Orientation.tsx(312,9): error TS2339: Property 'div' does not exist on type 'JSX.IntrinsicElements'.
src/pages/Orientation.tsx(317,5): error TS2339: Property 'div' does not exist on type 'JSX.IntrinsicElements'.
src/pages/Orientation.tsx(318,9): error TS2339: Property 'div' does not exist on type 'JSX.IntrinsicElements'.
src/pages/Orientation.tsx(319,13): error TS2339: Property 'h2' does not exist on type 'JSX.IntrinsicElements'.
src/pages/Orientation.tsx(319,98): error TS2339: Property 'h2' does not exist on type 'JSX.IntrinsicElements'.
src/pages/Orientation.tsx(321,9): error TS2339: Property 'div' does not exist on type 'JSX.IntrinsicElements'.
src/pages/Orientation.tsx(322,5): error TS2339: Property 'div' does not exist on type 'JSX.IntrinsicElements'.
src/pages/Orientation.tsx(337,9): error TS2339: Property 'div' does not exist on type 'JSX.IntrinsicElements'.
src/pages/Orientation.tsx(338,13): error TS2339: Property 'div' does not exist on type 'JSX.IntrinsicElements'.
src/pages/Orientation.tsx(339,17): error TS2339: Property 'div' does not exist on type 'JSX.IntrinsicElements'.
src/pages/Orientation.tsx(340,21): error TS2339: Property 'div' does not exist on type 'JSX.IntrinsicElements'.
src/pages/Orientation.tsx(341,17): error TS2339: Property 'div' does not exist on type 'JSX.IntrinsicElements'.
src/pages/Orientation.tsx(342,17): error TS2339: Property 'div' does not exist on type 'JSX.IntrinsicElements'.
src/pages/Orientation.tsx(342,131): error TS2339: Property 'div' does not exist on type 'JSX.IntrinsicElements'.
src/pages/Orientation.tsx(343,13): error TS2339: Property 'div' does not exist on type 'JSX.IntrinsicElements'.
src/pages/Orientation.tsx(344,9): error TS2339: Property 'div' does not exist on type 'JSX.IntrinsicElements'.
src/pages/Orientation.tsx(378,9): error TS2339: Property 'div' does not exist on type 'JSX.IntrinsicElements'.
src/pages/Orientation.tsx(381,17): error TS2339: Property 'h1' does not exist on type 'JSX.IntrinsicElements'.
src/pages/Orientation.tsx(382,40): error TS2339: Property 'span' does not exist on type 'JSX.IntrinsicElements'.
src/pages/Orientation.tsx(382,102): error TS2339: Property 'span' does not exist on type 'JSX.IntrinsicElements'.
src/pages/Orientation.tsx(383,17): error TS2339: Property 'h1' does not exist on type 'JSX.IntrinsicElements'.
src/pages/Orientation.tsx(385,13): error TS2339: Property 'div' does not exist on type 'JSX.IntrinsicElements'.
src/pages/Orientation.tsx(389,25): error TS2339: Property 'div' does not exist on type 'JSX.IntrinsicElements'.
src/pages/Orientation.tsx(390,29): error TS2339: Property 'button' does not exist on type 'JSX.IntrinsicElements'.
src/pages/Orientation.tsx(396,29): error TS2339: Property 'button' does not exist on type 'JSX.IntrinsicElements'.
src/pages/Orientation.tsx(397,29): error TS2339: Property 'span' does not exist on type 'JSX.IntrinsicElements'.
src/pages/Orientation.tsx(397,105): error TS2339: Property 'span' does not exist on type 'JSX.IntrinsicElements'.
src/pages/Orientation.tsx(398,25): error TS2339: Property 'div' does not exist on type 'JSX.IntrinsicElements'.
src/pages/Orientation.tsx(401,13): error TS2339: Property 'div' does not exist on type 'JSX.IntrinsicElements'.
src/pages/Orientation.tsx(403,9): error TS2339: Property 'div' does not exist on type 'JSX.IntrinsicElements'.
src/pages/Orientation.tsx(408,5): error TS2339: Property 'div' does not exist on type 'JSX.IntrinsicElements'.
src/pages/Orientation.tsx(409,9): error TS2339: Property 'div' does not exist on type 'JSX.IntrinsicElements'.
src/pages/Orientation.tsx(410,5): error TS2339: Property 'div' does not exist on type 'JSX.IntrinsicElements'.
src/pages/Orientation.tsx(459,9): error TS2339: Property 'div' does not exist on type 'JSX.IntrinsicElements'.
src/pages/Orientation.tsx(461,13): error TS2339: Property 'div' does not exist on type 'JSX.IntrinsicElements'.
src/pages/Orientation.tsx(471,13): error TS2339: Property 'div' does not exist on type 'JSX.IntrinsicElements'.
src/pages/Orientation.tsx(474,17): error TS2339: Property 'div' does not exist on type 'JSX.IntrinsicElements'.
src/pages/Orientation.tsx(476,17): error TS2339: Property 'div' does not exist on type 'JSX.IntrinsicElements'.
src/pages/Orientation.tsx(480,17): error TS2339: Property 'div' does not exist on type 'JSX.IntrinsicElements'.
src/pages/Orientation.tsx(489,17): error TS2339: Property 'div' does not exist on type 'JSX.IntrinsicElements'.
src/pages/Orientation.tsx(491,9): error TS2339: Property 'div' does not exist on type 'JSX.IntrinsicElements'.
